[2025-11-22T15:24:25.583Z] Attempt 1 to edwardsyambasu@gmail.com failed: [object Object]
[2025-11-22T15:24:27.908Z] Attempt 2 to edwardsyambasu@gmail.com failed: [object Object]
[2025-11-22T15:24:30.245Z] Attempt 3 to edwardsyambasu@gmail.com failed: [object Object]
[2025-11-22T15:24:30.552Z] Attempt 1 to angela.smith1@example.com failed: [object Object]
[2025-11-22T15:24:32.945Z] Attempt 2 to angela.smith1@example.com failed: [object Object]
[2025-11-22T15:24:35.018Z] Attempt 1 to edwardsyambasu@gmail.com failed: [object Object]
[2025-11-22T15:24:35.911Z] Attempt 3 to angela.smith1@example.com failed: [object Object]
[2025-11-22T15:24:37.408Z] Attempt 2 to edwardsyambasu@gmail.com failed: [object Object]
[2025-11-22T15:24:39.763Z] Attempt 3 to edwardsyambasu@gmail.com failed: [object Object]
[2025-11-22T15:24:40.100Z] Attempt 1 to angela.smith1@example.com failed: [object Object]
[2025-11-22T15:24:42.440Z] Attempt 2 to angela.smith1@example.com failed: [object Object]
[2025-11-22T15:24:44.892Z] Attempt 3 to angela.smith1@example.com failed: [object Object]
[2025-11-22T15:31:37.391Z] Attempt 1 to edwardsyambasu@gmail.com failed: [object Object]
[2025-11-22T15:31:39.844Z] Attempt 2 to edwardsyambasu@gmail.com failed: [object Object]
[2025-11-22T15:31:42.302Z] Attempt 3 to edwardsyambasu@gmail.com failed: [object Object]
[2025-11-22T15:31:42.714Z] Attempt 1 to angela.smith1@example.com failed: [object Object]
[2025-11-22T15:31:45.110Z] Attempt 2 to angela.smith1@example.com failed: [object Object]
[2025-11-22T15:31:46.059Z] Attempt 1 to edwardsyambasu@gmail.com failed: [object Object]
[2025-11-22T15:31:47.631Z] Attempt 3 to angela.smith1@example.com failed: [object Object]
[2025-11-22T15:31:48.433Z] Attempt 2 to edwardsyambasu@gmail.com failed: [object Object]
[2025-11-22T15:31:50.841Z] Attempt 3 to edwardsyambasu@gmail.com failed: [object Object]
[2025-11-22T15:31:51.238Z] Attempt 1 to angela.smith1@example.com failed: [object Object]
[2025-11-22T15:31:53.613Z] Attempt 2 to angela.smith1@example.com failed: [object Object]
[2025-11-22T15:31:55.966Z] Attempt 3 to angela.smith1@example.com failed: [object Object]
[2025-11-22T15:42:36.293Z] Attempt 1 to edwardsyambasu@gmail.com failed: [object Object]
[2025-11-22T15:42:38.614Z] Attempt 2 to edwardsyambasu@gmail.com failed: [object Object]
[2025-11-22T15:42:40.936Z] Attempt 3 to edwardsyambasu@gmail.com failed: [object Object]
[2025-11-22T15:42:41.310Z] Attempt 1 to angela.smith1@example.com failed: [object Object]
[2025-11-22T15:42:43.702Z] Attempt 2 to angela.smith1@example.com failed: [object Object]
[2025-11-22T15:42:45.720Z] Attempt 1 to edwardsyambasu@gmail.com failed: [object Object]
[2025-11-22T15:42:46.384Z] Attempt 3 to angela.smith1@example.com failed: [object Object]
[2025-11-22T15:42:48.075Z] Attempt 2 to edwardsyambasu@gmail.com failed: [object Object]
[2025-11-22T15:42:50.370Z] Attempt 3 to edwardsyambasu@gmail.com failed: [object Object]
[2025-11-22T15:42:50.730Z] Attempt 1 to angela.smith1@example.com failed: [object Object]
[2025-11-22T15:42:53.048Z] Attempt 2 to angela.smith1@example.com failed: [object Object]
[2025-11-22T15:42:55.376Z] Attempt 3 to angela.smith1@example.com failed: [object Object]
[2026-02-07T09:45:11.516Z] Failed to edwardsyambasu@gmail.com: [object Object]
[2026-02-07T09:45:13.742Z] Failed to edwardsyambasu@gmail.com: [object Object]
[2026-02-07T09:45:15.936Z] Failed to edwardsyambasu@gmail.com: [object Object]
[2026-02-07T09:45:16.141Z] Failed to edwardsyambasu@gmail.com: [object Object]
[2026-02-07T09:45:18.401Z] Failed to edwardsyambasu@gmail.com: [object Object]
[2026-02-07T09:45:20.641Z] Failed to edwardsyambasu@gmail.com: [object Object]
[2026-02-07T10:00:02.308Z] Failed to edwardsyambasu@gmail.com: [object Object]
[2026-02-07T10:00:05.155Z] Failed to edwardsyambasu@gmail.com: [object Object]
[2026-02-07T10:00:07.752Z] Failed to edwardsyambasu@gmail.com: [object Object]
[2026-02-07T10:00:08.036Z] Failed to edwardsyambasu@gmail.com: [object Object]
[2026-02-07T10:00:10.317Z] Failed to edwardsyambasu@gmail.com: [object Object]
[2026-02-07T10:00:11.239Z] Failed to edwardsyambasu@gmail.com: [object Object]
[2026-02-07T10:00:13.775Z] Failed to edwardsyambasu@gmail.com: [object Object]
[2026-02-07T10:00:14.859Z] Failed to edwardsyambasu@gmail.com: [object Object]
[2026-02-07T10:00:17.075Z] Failed to edwardsyambasu@gmail.com: [object Object]
[2026-02-07T10:00:18.304Z] Failed to edwardsyambasu@gmail.com: [object Object]
[2026-02-07T10:00:21.479Z] Failed to edwardsyambasu@gmail.com: [object Object]
[2026-02-07T10:00:24.803Z] Failed to edwardsyambasu@gmail.com: [object Object]
[2026-02-07T13:49:49.719Z] Failed to edwardsyambasu@gmail.com: [object Object]
[2026-02-07T13:49:52.115Z] Failed to edwardsyambasu@gmail.com: [object Object]
[2026-02-07T13:49:54.453Z] Failed to edwardsyambasu@gmail.com: [object Object]
[2026-02-07T13:49:54.773Z] Failed to edwardsyambasu@gmail.com: [object Object]
[2026-02-07T13:49:56.834Z] Failed to edwardsyambasu@gmail.com: [object Object]
[2026-02-07T13:49:56.973Z] Failed to edwardsyambasu@gmail.com: [object Object]
[2026-02-07T13:49:59.319Z] Failed to edwardsyambasu@gmail.com: [object Object]
[2026-02-07T13:49:59.419Z] Failed to edwardsyambasu@gmail.com: [object Object]
[2026-02-07T13:50:01.590Z] Failed to edwardsyambasu@gmail.com: [object Object]
[2026-02-07T13:50:01.857Z] Failed to edwardsyambasu@gmail.com: [object Object]
[2026-02-07T13:50:04.126Z] Failed to edwardsyambasu@gmail.com: [object Object]
[2026-02-07T13:50:06.393Z] Failed to edwardsyambasu@gmail.com: [object Object]
[2026-02-08T08:45:06.039Z] Failed to simmienyanfor@gmail.com: [object Object]
[2026-02-08T08:45:08.267Z] Failed to simmienyanfor@gmail.com: [object Object]
[2026-02-08T08:45:11.344Z] Failed to simmienyanfor@gmail.com: [object Object]
[2026-02-08T08:45:11.544Z] Failed to edwardsyambasu@gmail.com: [object Object]
[2026-02-08T08:45:13.797Z] Failed to edwardsyambasu@gmail.com: [object Object]
[2026-02-08T08:45:15.243Z] Failed to simmienyanfor@gmail.com: [object Object]
[2026-02-08T08:45:16.050Z] Failed to edwardsyambasu@gmail.com: [object Object]
[2026-02-08T08:45:17.426Z] Failed to simmienyanfor@gmail.com: [object Object]
[2026-02-08T08:45:19.619Z] Failed to simmienyanfor@gmail.com: [object Object]
[2026-02-08T08:45:19.839Z] Failed to edwardsyambasu@gmail.com: [object Object]
[2026-02-08T08:45:22.086Z] Failed to edwardsyambasu@gmail.com: [object Object]
[2026-02-08T08:45:24.339Z] Failed to edwardsyambasu@gmail.com: [object Object]
[2026-02-08T09:00:06.833Z] Failed to simmienyanfor@gmail.com: [object Object]
[2026-02-08T09:00:09.806Z] Failed to simmienyanfor@gmail.com: [object Object]
[2026-02-08T09:00:12.056Z] Failed to simmienyanfor@gmail.com: [object Object]
[2026-02-08T09:00:12.270Z] Failed to edwardsyambasu@gmail.com: [object Object]
[2026-02-08T09:00:14.473Z] Failed to edwardsyambasu@gmail.com: [object Object]
[2026-02-08T09:00:15.932Z] Failed to simmienyanfor@gmail.com: [object Object]
[2026-02-08T09:00:16.701Z] Failed to edwardsyambasu@gmail.com: [object Object]
[2026-02-08T09:00:18.162Z] Failed to simmienyanfor@gmail.com: [object Object]
[2026-02-08T09:00:21.373Z] Failed to simmienyanfor@gmail.com: [object Object]
[2026-02-08T09:00:21.578Z] Failed to edwardsyambasu@gmail.com: [object Object]
[2026-02-08T09:00:23.840Z] Failed to edwardsyambasu@gmail.com: [object Object]
[2026-02-08T09:00:26.093Z] Failed to edwardsyambasu@gmail.com: [object Object]
[2026-02-11T10:35:29.781Z] Failed to edwardsyambasu@gmail.com: [object Object]
[2026-02-11T10:35:32.704Z] Failed to edwardsyambasu@gmail.com: [object Object]
[2026-02-11T10:35:34.934Z] Failed to edwardsyambasu@gmail.com: [object Object]
[2026-02-11T10:35:35.145Z] Failed to edwardsyambasu@gmail.com: [object Object]
[2026-02-11T10:35:37.396Z] Failed to edwardsyambasu@gmail.com: [object Object]
[2026-02-11T10:35:39.780Z] Failed to edwardsyambasu@gmail.com: [object Object]
[2026-02-19T11:54:50.596Z] Failed to edwardsyambasu@gmail.com: [object Object]
[2026-02-19T11:54:52.792Z] Failed to edwardsyambasu@gmail.com: [object Object]
[2026-02-19T11:54:55.079Z] Failed to edwardsyambasu@gmail.com: [object Object]
[2026-02-19T11:54:55.489Z] Failed to edwardsyambasu@gmail.com: [object Object]
[2026-02-19T11:54:57.741Z] Failed to edwardsyambasu@gmail.com: [object Object]
[2026-02-19T11:54:59.776Z] Failed to edwardsyambasu@gmail.com: [object Object]
[2026-02-19T11:55:00.504Z] Failed to edwardsyambasu@gmail.com: [object Object]
[2026-02-19T11:55:01.982Z] Failed to edwardsyambasu@gmail.com: [object Object]
[2026-02-19T11:55:04.294Z] Failed to edwardsyambasu@gmail.com: [object Object]
[2026-02-19T11:55:04.519Z] Failed to edwardsyambasu@gmail.com: [object Object]
[2026-02-19T11:55:06.753Z] Failed to edwardsyambasu@gmail.com: [object Object]
[2026-02-19T11:55:09.004Z] Failed to edwardsyambasu@gmail.com: [object Object]
[2026-02-19T12:00:10.573Z] Failed to edwardsyambasu@gmail.com: [object Object]
[2026-02-19T12:00:12.835Z] Failed to edwardsyambasu@gmail.com: [object Object]
[2026-02-19T12:00:15.100Z] Failed to edwardsyambasu@gmail.com: [object Object]
[2026-02-19T12:00:15.293Z] Failed to edwardsyambasu@gmail.com: [object Object]
[2026-02-19T12:00:17.508Z] Failed to edwardsyambasu@gmail.com: [object Object]
[2026-02-19T12:00:19.744Z] Failed to edwardsyambasu@gmail.com: [object Object]
[2026-03-12T12:00:13.566Z] Failed to dev@local: [object Object]
[2026-03-12T12:00:15.919Z] Failed to dev@local: [object Object]
[2026-03-12T12:00:18.297Z] Failed to dev@local: [object Object]
[2026-03-12T12:00:23.542Z] Failed to edwardsyambasu@gmail.com: [object Object]
[2026-03-12T12:00:25.729Z] Failed to edwardsyambasu@gmail.com: [object Object]
[2026-03-12T12:00:27.873Z] Failed to edwardsyambasu@gmail.com: [object Object]
[2026-03-12T12:00:29.646Z] Failed to edwardsyambasu@gmail.com: [object Object]
[2026-03-12T12:00:31.941Z] Failed to edwardsyambasu@gmail.com: [object Object]
[2026-03-12T12:00:34.287Z] Failed to edwardsyambasu@gmail.com: [object Object]
[2026-03-13T12:00:11.213Z] Failed to dev@local: [object Object]
[2026-03-13T12:00:13.432Z] Failed to dev@local: [object Object]
[2026-03-13T12:00:15.647Z] Failed to dev@local: [object Object]
[2026-03-13T12:17:10.830Z] Failed to edwardsyambasu@gmail.com: [object Object]
[2026-03-13T12:17:13.115Z] Failed to edwardsyambasu@gmail.com: [object Object]
[2026-03-13T12:17:15.299Z] Failed to edwardsyambasu@gmail.com: [object Object]
[2026-03-13T12:17:20.424Z] Failed to simmienyanfor@gmail.com: [object Object]
[2026-03-13T12:17:22.835Z] Failed to simmienyanfor@gmail.com: [object Object]
[2026-03-13T12:17:25.003Z] Failed to simmienyanfor@gmail.com: [object Object]
[2026-06-04T12:00:10.351Z] Failed to edwardsyambasu@gmail.com: [object Object]
[2026-06-04T12:00:12.609Z] Failed to edwardsyambasu@gmail.com: [object Object]
[2026-06-04T12:00:14.863Z] Failed to edwardsyambasu@gmail.com: [object Object]
[2026-06-04T12:00:15.089Z] Failed to sheriff@gmail.com: [object Object]
[2026-06-04T12:00:17.421Z] Failed to sheriff@gmail.com: [object Object]
[2026-06-04T12:00:19.629Z] Failed to sheriff@gmail.com: [object Object]
[2026-07-15T07:31:01.117Z] Failed to edwardsyambasu@gmail.com: [object Object]
[2026-07-15T07:31:03.370Z] Failed to edwardsyambasu@gmail.com: [object Object]
[2026-07-15T07:31:05.629Z] Failed to edwardsyambasu@gmail.com: [object Object]
[2026-07-15T08:00:50.684Z] Failed to simmienyanfor@gmail.com: [object Object]
[2026-07-15T08:00:52.920Z] Failed to simmienyanfor@gmail.com: [object Object]
[2026-07-15T08:00:55.169Z] Failed to simmienyanfor@gmail.com: [object Object]
[2026-07-15T08:40:17.704Z] Failed to edwardsyambasu@gmail.com: [object Object]
[2026-07-15T08:40:48.725Z] Failed to edwardsyambasu@gmail.com: [object Object]
[2026-07-15T08:40:50.962Z] Failed to edwardsyambasu@gmail.com: [object Object]
[2026-07-15T08:45:11.016Z] Failed to edwardsyambasu@gmail.com: [object Object]
[2026-07-15T08:45:14.807Z] Failed to edwardsyambasu@gmail.com: [object Object]
[2026-07-15T08:45:17.124Z] Failed to edwardsyambasu@gmail.com: [object Object]
[2026-07-15T08:45:17.336Z] Failed to dr.sarahjohnson@qureo.health: [object Object]
[2026-07-15T08:45:19.571Z] Failed to dr.sarahjohnson@qureo.health: [object Object]
[2026-07-15T08:45:21.999Z] Failed to dr.sarahjohnson@qureo.health: [object Object]
[2026-07-15T09:00:11.751Z] Failed to edwardsyambasu@gmail.com: [object Object]
[2026-07-15T09:00:14.180Z] Failed to edwardsyambasu@gmail.com: [object Object]
[2026-07-15T09:00:16.391Z] Failed to edwardsyambasu@gmail.com: [object Object]
[2026-07-15T09:00:16.856Z] Failed to edwardsyambasu@gmail.com: [object Object]
[2026-07-15T09:00:19.819Z] Failed to edwardsyambasu@gmail.com: [object Object]
[2026-07-15T09:00:22.068Z] Failed to edwardsyambasu@gmail.com: [object Object]
[2026-07-15T09:00:22.275Z] Failed to dr.sarahjohnson@qureo.health: [object Object]
[2026-07-15T09:00:24.700Z] Failed to dr.sarahjohnson@qureo.health: [object Object]
[2026-07-15T09:00:26.907Z] Failed to dr.sarahjohnson@qureo.health: [object Object]
[2026-08-01T11:10:09.054Z] Failed to dev@local: [object Object]
[2026-08-01T11:10:11.224Z] Failed to dev@local: [object Object]
[2026-08-01T11:10:13.360Z] Failed to dev@local: [object Object]
[2026-08-29T23:07:26.584Z] Failed to newtest@gmail.com: [object Object]
[2026-08-29T23:07:28.859Z] Failed to newtest@gmail.com: [object Object]
[2026-08-29T23:07:31.153Z] Failed to newtest@gmail.com: [object Object]
[2026-08-29T23:14:58.386Z] Failed to newtest@gmail.com: [object Object]
[2026-08-29T23:15:00.617Z] Failed to newtest@gmail.com: [object Object]
[2026-08-29T23:15:00.851Z] Failed to newtest@gmail.com: [object Object]
[2026-08-29T23:15:02.890Z] Failed to newtest@gmail.com: [object Object]
[2026-08-29T23:15:03.531Z] Failed to newtest@gmail.com: [object Object]
[2026-08-29T23:15:05.746Z] Failed to newtest@gmail.com: [object Object]
[2026-08-29T23:15:05.987Z] Failed to newtest@gmail.com: [object Object]
[2026-08-29T23:15:08.201Z] Failed to newtest@gmail.com: [object Object]
[2026-08-29T23:15:10.537Z] Failed to newtest@gmail.com: [object Object]
[2026-08-29T23:15:10.778Z] Failed to dr.sarahjohnson@qureo.health: [object Object]
[2026-08-29T23:15:13.076Z] Failed to dr.sarahjohnson@qureo.health: [object Object]
[2026-08-29T23:15:15.409Z] Failed to dr.sarahjohnson@qureo.health: [object Object]
[2026-08-29T23:16:21.894Z] Failed to newtest@gmail.com: [object Object]
[2026-08-29T23:16:24.085Z] Failed to newtest@gmail.com: [object Object]
[2026-08-29T23:16:26.270Z] Failed to newtest@gmail.com: [object Object]
[2026-08-29T23:27:58.987Z] Failed to newtest@gmail.com: [object Object]
[2026-08-29T23:28:01.193Z] Failed to newtest@gmail.com: [object Object]
[2026-08-29T23:28:03.447Z] Failed to newtest@gmail.com: [object Object]
[2026-08-29T23:28:05.261Z] Failed to newtest@gmail.com: [object Object]
[2026-08-29T23:28:07.483Z] Failed to newtest@gmail.com: [object Object]
[2026-08-29T23:28:09.699Z] Failed to newtest@gmail.com: [object Object]
[2026-08-29T23:28:09.886Z] Failed to newtest@gmail.com: [object Object]
[2026-08-29T23:28:12.116Z] Failed to newtest@gmail.com: [object Object]
[2026-08-29T23:28:14.332Z] Failed to newtest@gmail.com: [object Object]
[2026-08-29T23:28:14.603Z] Failed to dr.emmanuelcole@qureo.health: [object Object]
[2026-08-29T23:28:16.900Z] Failed to dr.emmanuelcole@qureo.health: [object Object]
[2026-08-29T23:28:19.126Z] Failed to dr.emmanuelcole@qureo.health: [object Object]
[2026-08-29T23:43:32.622Z] Failed to newtest@gmail.com: [object Object]
[2026-08-29T23:43:34.931Z] Failed to newtest@gmail.com: [object Object]
[2026-08-29T23:43:35.382Z] Failed to newtest@gmail.com: [object Object]
[2026-08-29T23:43:37.129Z] Failed to newtest@gmail.com: [object Object]
[2026-08-29T23:43:37.597Z] Failed to newtest@gmail.com: [object Object]
[2026-08-29T23:43:39.827Z] Failed to newtest@gmail.com: [object Object]
[2026-08-29T23:43:40.016Z] Failed to newtest@gmail.com: [object Object]
[2026-08-29T23:43:42.248Z] Failed to newtest@gmail.com: [object Object]
[2026-08-29T23:43:44.496Z] Failed to newtest@gmail.com: [object Object]
[2026-08-29T23:43:44.804Z] Failed to dr.emmanuelcole@qureo.health: [object Object]
[2026-08-29T23:43:47.021Z] Failed to dr.emmanuelcole@qureo.health: [object Object]
[2026-08-29T23:43:49.256Z] Failed to dr.emmanuelcole@qureo.health: [object Object]
[2026-08-30T00:14:37.150Z] Failed to newtest@gmail.com: [object Object]
[2026-08-30T00:14:39.348Z] Failed to newtest@gmail.com: [object Object]
[2026-08-30T00:14:41.552Z] Failed to newtest@gmail.com: [object Object]
[2026-08-30T00:34:26.835Z] Failed to newtest@gmail.com: [object Object]
[2026-08-30T00:34:29.152Z] Failed to newtest@gmail.com: [object Object]
[2026-08-30T00:34:31.455Z] Failed to newtest@gmail.com: [object Object]
[2026-08-30T00:44:30.800Z] Failed to newtest@gmail.com: [object Object]
[2026-08-30T00:44:33.039Z] Failed to newtest@gmail.com: [object Object]
[2026-08-30T00:44:35.940Z] Failed to newtest@gmail.com: [object Object]
[2026-08-30T00:58:48.948Z] Failed to newtest@gmail.com: [object Object]
[2026-08-30T00:58:51.130Z] Failed to newtest@gmail.com: [object Object]
[2026-08-30T00:58:53.315Z] Failed to newtest@gmail.com: [object Object]
[2026-08-30T00:59:13.755Z] Failed to newtest@gmail.com: [object Object]
[2026-08-30T00:59:15.943Z] Failed to newtest@gmail.com: [object Object]
[2026-08-30T00:59:18.147Z] Failed to newtest@gmail.com: [object Object]
[2026-08-30T01:25:33.015Z] Failed to newtest@gmail.com: [object Object]
[2026-08-30T01:25:35.211Z] Failed to newtest@gmail.com: [object Object]
[2026-08-30T01:25:37.434Z] Failed to newtest@gmail.com: [object Object]
[2026-08-30T01:32:29.884Z] Failed to newtest@gmail.com: [object Object]
[2026-08-30T01:32:32.075Z] Failed to newtest@gmail.com: [object Object]
[2026-08-30T01:32:34.290Z] Failed to newtest@gmail.com: [object Object]
[2026-08-30T01:36:57.185Z] Failed to newtest@gmail.com: [object Object]
[2026-08-30T01:36:59.389Z] Failed to newtest@gmail.com: [object Object]
[2026-08-30T01:37:01.640Z] Failed to newtest@gmail.com: [object Object]
[2026-08-30T01:41:33.920Z] Failed to newtest@gmail.com: [object Object]
[2026-08-30T01:41:36.233Z] Failed to newtest@gmail.com: [object Object]
[2026-08-30T01:41:38.569Z] Failed to newtest@gmail.com: [object Object]
[2026-08-30T01:49:42.047Z] Failed to newtest@gmail.com: [object Object]
[2026-08-30T01:49:44.236Z] Failed to newtest@gmail.com: [object Object]
[2026-08-30T01:49:46.448Z] Failed to newtest@gmail.com: [object Object]
[2026-08-30T01:50:16.285Z] Failed to newtest@gmail.com: [object Object]
[2026-08-30T01:50:18.537Z] Failed to newtest@gmail.com: [object Object]
[2026-08-30T01:50:20.944Z] Failed to newtest@gmail.com: [object Object]
[2026-08-30T01:55:03.957Z] Failed to newtest@gmail.com: [object Object]
[2026-08-30T01:55:06.346Z] Failed to newtest@gmail.com: [object Object]
[2026-08-30T01:55:08.548Z] Failed to newtest@gmail.com: [object Object]
[2026-09-09T00:02:38.197Z] Failed to newtest@gmail.com: [object Object]
[2026-09-09T00:02:40.385Z] Failed to newtest@gmail.com: [object Object]
[2026-09-09T00:02:42.611Z] Failed to newtest@gmail.com: [object Object]
[2026-09-11T10:08:42.088Z] Failed to newtest@gmail.com: [object Object]
[2026-09-11T10:08:44.406Z] Failed to newtest@gmail.com: [object Object]
[2026-09-11T10:08:46.643Z] Failed to newtest@gmail.com: [object Object]
[2026-09-11T11:00:01.883Z] Failed to newtest@gmail.com: [object Object]
[2026-09-11T11:00:02.565Z] Failed to [object Object]: Must provide `email`
[2026-09-11T11:00:04.130Z] Failed to newtest@gmail.com: [object Object]
[2026-09-11T11:00:04.567Z] Failed to [object Object]: Must provide `email`
[2026-09-11T11:00:06.359Z] Failed to newtest@gmail.com: [object Object]
[2026-09-11T11:00:06.568Z] Failed to [object Object]: Must provide `email`
[2026-09-11T11:00:06.585Z] Failed to newtest@gmail.com: [object Object]
[2026-09-11T11:00:08.775Z] Failed to newtest@gmail.com: [object Object]
[2026-09-11T11:00:11.060Z] Failed to newtest@gmail.com: [object Object]
[2026-09-11T11:00:11.359Z] Failed to dr.emmanuelcole@qureo.health: [object Object]
[2026-09-11T11:00:13.581Z] Failed to dr.emmanuelcole@qureo.health: [object Object]
[2026-09-11T11:00:15.798Z] Failed to dr.emmanuelcole@qureo.health: [object Object]
[2026-09-11T11:25:03.480Z] Failed to [object Object]: Must provide `email`
[2026-09-11T11:25:05.482Z] Failed to [object Object]: Must provide `email`
[2026-09-11T11:25:07.484Z] Failed to [object Object]: Must provide `email`
[2026-09-11T11:30:02.161Z] Failed to newtest@gmail.com: [object Object]
[2026-09-11T11:30:03.095Z] Failed to [object Object]: Must provide `email`
[2026-09-11T11:30:04.418Z] Failed to newtest@gmail.com: [object Object]
[2026-09-11T11:30:05.097Z] Failed to [object Object]: Must provide `email`
[2026-09-11T11:30:06.639Z] Failed to newtest@gmail.com: [object Object]
[2026-09-11T11:30:06.845Z] Failed to newtest@gmail.com: [object Object]
[2026-09-11T11:30:07.099Z] Failed to [object Object]: Must provide `email`
[2026-09-11T11:30:09.056Z] Failed to newtest@gmail.com: [object Object]
[2026-09-11T11:30:11.164Z] Failed to newtest@gmail.com: [object Object]
[2026-09-11T11:30:11.762Z] Failed to newtest@gmail.com: [object Object]
[2026-09-11T11:30:11.981Z] Failed to dr.emmanuelcole@qureo.health: [object Object]
[2026-09-11T11:30:13.480Z] Failed to newtest@gmail.com: [object Object]
[2026-09-11T11:30:14.223Z] Failed to dr.emmanuelcole@qureo.health: [object Object]
[2026-09-11T11:30:15.727Z] Failed to newtest@gmail.com: [object Object]
[2026-09-11T11:30:15.923Z] Failed to newtest@gmail.com: [object Object]
[2026-09-11T11:30:16.419Z] Failed to dr.emmanuelcole@qureo.health: [object Object]
[2026-09-11T11:30:18.164Z] Failed to newtest@gmail.com: [object Object]
[2026-09-11T11:30:20.412Z] Failed to newtest@gmail.com: [object Object]
[2026-09-11T11:30:20.689Z] Failed to dr.emmanuelcole@qureo.health: [object Object]
[2026-09-11T11:30:22.893Z] Failed to dr.emmanuelcole@qureo.health: [object Object]
[2026-09-11T11:30:25.116Z] Failed to dr.emmanuelcole@qureo.health: [object Object]
[2026-09-15T16:30:03.476Z] Failed to newtest@gmail.com: [object Object]
[2026-09-15T16:30:05.680Z] Failed to newtest@gmail.com: [object Object]
[2026-09-15T16:30:07.926Z] Failed to newtest@gmail.com: [object Object]
[2026-09-15T16:30:16.512Z] Failed to newtest@gmail.com: [object Object]
[2026-09-15T16:30:16.758Z] Failed to simmienyanfor@gmail.com: [object Object]
[2026-09-15T16:30:18.739Z] Failed to newtest@gmail.com: [object Object]
[2026-09-15T16:30:18.939Z] Failed to simmienyanfor@gmail.com: [object Object]
[2026-09-15T16:30:20.917Z] Failed to newtest@gmail.com: [object Object]
[2026-09-15T16:30:21.101Z] Failed to dr.sarahjohnson@qureo.health: [object Object]
[2026-09-15T16:30:21.537Z] Failed to simmienyanfor@gmail.com: [object Object]
[2026-09-15T16:30:21.738Z] Failed to simmienyanfor@gmail.com: [object Object]
[2026-09-15T16:30:23.291Z] Failed to dr.sarahjohnson@qureo.health: [object Object]
[2026-09-15T16:30:23.962Z] Failed to simmienyanfor@gmail.com: [object Object]
[2026-09-15T16:30:25.470Z] Failed to dr.sarahjohnson@qureo.health: [object Object]
[2026-09-15T16:30:26.138Z] Failed to simmienyanfor@gmail.com: [object Object]
[2026-09-15T16:30:26.331Z] Failed to dr.emmanuelcole@qureo.health: [object Object]
[2026-09-15T16:30:26.637Z] Failed to simmienyanfor@gmail.com: [object Object]
[2026-09-15T16:30:26.685Z] Failed to simmienyanfor@gmail.com: [object Object]
[2026-09-15T16:30:28.513Z] Failed to dr.emmanuelcole@qureo.health: [object Object]
[2026-09-15T16:30:28.820Z] Failed to simmienyanfor@gmail.com: [object Object]
[2026-09-15T16:30:28.882Z] Failed to simmienyanfor@gmail.com: [object Object]
[2026-09-15T16:30:30.704Z] Failed to dr.emmanuelcole@qureo.health: [object Object]
[2026-09-15T16:30:31.009Z] Failed to simmienyanfor@gmail.com: [object Object]
[2026-09-15T16:30:31.107Z] Failed to simmienyanfor@gmail.com: [object Object]
[2026-09-15T16:30:31.203Z] Failed to simmienyanfor@gmail.com: [object Object]
[2026-09-15T16:30:31.321Z] Failed to simmienyanfor@gmail.com: [object Object]
[2026-09-15T16:30:33.391Z] Failed to simmienyanfor@gmail.com: [object Object]
[2026-09-15T16:30:33.507Z] Failed to simmienyanfor@gmail.com: [object Object]
[2026-09-15T16:30:35.566Z] Failed to simmienyanfor@gmail.com: [object Object]
[2026-09-15T16:30:35.708Z] Failed to simmienyanfor@gmail.com: [object Object]
[2026-09-15T16:30:35.756Z] Failed to dr.emmanuelcole@qureo.health: [object Object]
[2026-09-15T16:30:35.896Z] Failed to dr.emmanuelcole@qureo.health: [object Object]
[2026-09-15T16:30:37.956Z] Failed to dr.emmanuelcole@qureo.health: [object Object]
[2026-09-15T16:30:38.162Z] Failed to dr.emmanuelcole@qureo.health: [object Object]
[2026-09-15T16:30:40.137Z] Failed to dr.emmanuelcole@qureo.health: [object Object]
[2026-09-15T16:30:40.350Z] Failed to dr.emmanuelcole@qureo.health: [object Object]
[2026-09-16T13:16:26.221Z] Failed to newtest@gmail.com: [object Object]
[2026-09-16T13:16:27.221Z] Failed to newtest@gmail.com: [object Object]
[2026-09-16T13:16:28.433Z] Failed to newtest@gmail.com: [object Object]
[2026-09-16T13:16:29.514Z] Failed to newtest@gmail.com: [object Object]
[2026-09-16T13:16:30.647Z] Failed to newtest@gmail.com: [object Object]
[2026-09-16T13:16:30.851Z] Failed to newtest@gmail.com: [object Object]
[2026-09-16T13:16:31.718Z] Failed to newtest@gmail.com: [object Object]
[2026-09-16T13:16:33.156Z] Failed to newtest@gmail.com: [object Object]
[2026-09-16T13:16:35.353Z] Failed to newtest@gmail.com: [object Object]
[2026-09-16T13:16:35.556Z] Failed to dr.sarahjohnson@qureo.health: [object Object]
[2026-09-16T13:16:37.800Z] Failed to dr.sarahjohnson@qureo.health: [object Object]
[2026-09-16T13:16:40.032Z] Failed to dr.sarahjohnson@qureo.health: [object Object]
[2026-09-16T13:30:09.817Z] Failed to newtest@gmail.com: [object Object]
[2026-09-16T13:30:12.145Z] Failed to newtest@gmail.com: [object Object]
[2026-09-16T13:30:14.351Z] Failed to newtest@gmail.com: [object Object]
[2026-09-16T13:30:14.910Z] Failed to newtest@gmail.com: [object Object]
[2026-09-16T13:30:17.125Z] Failed to newtest@gmail.com: [object Object]
[2026-09-16T13:30:19.515Z] Failed to newtest@gmail.com: [object Object]
[2026-09-16T13:30:19.740Z] Failed to dr.sarahjohnson@qureo.health: [object Object]
[2026-09-16T13:30:22.076Z] Failed to dr.sarahjohnson@qureo.health: [object Object]
[2026-09-16T13:30:24.323Z] Failed to dr.sarahjohnson@qureo.health: [object Object]
[2026-09-16T13:46:12.952Z] Failed to newtest@gmail.com: [object Object]
[2026-09-16T13:46:15.204Z] Failed to newtest@gmail.com: [object Object]
[2026-09-16T13:46:17.395Z] Failed to newtest@gmail.com: [object Object]
[2026-09-16T13:47:34.857Z] Failed to newtest@gmail.com: [object Object]
[2026-09-16T13:47:37.125Z] Failed to newtest@gmail.com: [object Object]
[2026-09-16T13:47:39.388Z] Failed to newtest@gmail.com: [object Object]
[2026-09-16T13:53:08.485Z] Failed to newtest@gmail.com: [object Object]
[2026-09-16T13:53:10.749Z] Failed to newtest@gmail.com: [object Object]
[2026-09-16T13:53:12.974Z] Failed to newtest@gmail.com: [object Object]
[2026-09-16T13:53:59.196Z] Failed to newtest@gmail.com: [object Object]
[2026-09-16T13:54:01.426Z] Failed to newtest@gmail.com: [object Object]
[2026-09-16T13:54:03.678Z] Failed to newtest@gmail.com: [object Object]
[2026-09-16T14:03:31.510Z] Failed to newtest@gmail.com: [object Object]
[2026-09-16T14:03:33.711Z] Failed to newtest@gmail.com: [object Object]
[2026-09-16T14:03:35.992Z] Failed to newtest@gmail.com: [object Object]
[2026-09-16T14:30:09.662Z] Failed to newtest@gmail.com: [object Object]
[2026-09-16T14:30:11.879Z] Failed to newtest@gmail.com: [object Object]
[2026-09-16T14:30:14.088Z] Failed to newtest@gmail.com: [object Object]
[2026-09-16T14:30:14.297Z] Failed to newtest@gmail.com: [object Object]
[2026-09-16T14:30:16.506Z] Failed to newtest@gmail.com: [object Object]
[2026-09-16T14:30:18.723Z] Failed to newtest@gmail.com: [object Object]
[2026-09-16T14:30:18.920Z] Failed to dr.emmanuelcole@qureo.health: [object Object]
[2026-09-16T14:30:21.153Z] Failed to dr.emmanuelcole@qureo.health: [object Object]
[2026-09-16T14:30:23.358Z] Failed to dr.emmanuelcole@qureo.health: [object Object]
[2026-09-16T16:30:13.799Z] Failed to newtest@gmail.com: [object Object]
[2026-09-16T16:30:16.030Z] Failed to newtest@gmail.com: [object Object]
[2026-09-16T16:30:18.252Z] Failed to newtest@gmail.com: [object Object]
[2026-09-16T16:30:18.454Z] Failed to newtest@gmail.com: [object Object]
[2026-09-16T16:30:20.649Z] Failed to newtest@gmail.com: [object Object]
[2026-09-16T16:30:22.893Z] Failed to newtest@gmail.com: [object Object]
[2026-09-16T16:30:23.122Z] Failed to dr.emmanuelcole@qureo.health: [object Object]
[2026-09-16T16:30:25.360Z] Failed to dr.emmanuelcole@qureo.health: [object Object]
[2026-09-16T16:30:27.550Z] Failed to dr.emmanuelcole@qureo.health: [object Object]
[2026-09-26T00:11:26.836Z] Failed to newtest@gmail.com: [object Object]
[2026-09-26T00:11:29.186Z] Failed to newtest@gmail.com: [object Object]
[2026-09-26T00:11:31.400Z] Failed to newtest@gmail.com: [object Object]
[2026-09-26T00:24:50.664Z] Failed to newtest@gmail.com: [object Object]
[2026-09-26T00:24:52.973Z] Failed to newtest@gmail.com: [object Object]
[2026-09-26T00:24:55.225Z] Failed to newtest@gmail.com: [object Object]
[2026-09-26T01:05:27.475Z] Failed to newtest@gmail.com: [object Object]
[2026-09-26T01:05:29.736Z] Failed to newtest@gmail.com: [object Object]
[2026-09-26T01:05:31.957Z] Failed to newtest@gmail.com: [object Object]
[2026-09-27T20:33:03.989Z] Failed to newtest@gmail.com: [object Object]
[2026-09-27T20:33:06.343Z] Failed to newtest@gmail.com: [object Object]
[2026-09-27T20:33:08.485Z] Failed to newtest@gmail.com: [object Object]
[2026-09-27T20:33:10.834Z] Failed to newtest@gmail.com: [object Object]
[2026-09-27T20:33:10.878Z] Failed to newtest@gmail.com: [object Object]
[2026-09-27T20:33:13.923Z] Failed to newtest@gmail.com: [object Object]
[2026-09-27T20:33:17.045Z] Failed to newtest@gmail.com: [object Object]
[2026-09-27T20:33:18.319Z] Failed to newtest@gmail.com: [object Object]
[2026-09-27T20:33:19.302Z] Failed to newtest@gmail.com: [object Object]
[2026-09-27T20:33:20.563Z] Failed to newtest@gmail.com: [object Object]
[2026-09-27T20:33:21.595Z] Failed to newtest@gmail.com: [object Object]
[2026-09-27T20:33:21.866Z] Failed to dr.sarahjohnson@qureo.health: [object Object]
[2026-09-27T20:33:22.825Z] Failed to newtest@gmail.com: [object Object]
[2026-09-27T20:33:23.189Z] Failed to newtest@gmail.com: [object Object]
[2026-09-27T20:33:24.143Z] Failed to dr.sarahjohnson@qureo.health: [object Object]
[2026-09-27T20:33:25.469Z] Failed to newtest@gmail.com: [object Object]
[2026-09-27T20:33:26.623Z] Failed to dr.sarahjohnson@qureo.health: [object Object]
[2026-09-27T20:33:28.676Z] Failed to newtest@gmail.com: [object Object]
[2026-09-27T20:33:29.178Z] Failed to dr.sarahjohnson@qureo.health: [object Object]
[2026-09-27T20:33:32.533Z] Failed to dr.sarahjohnson@qureo.health: [object Object]
[2026-09-27T20:33:34.810Z] Failed to dr.sarahjohnson@qureo.health: [object Object]
[2026-09-28T10:28:46.045Z] Failed to newtest@gmail.com: [object Object]
[2026-09-28T10:28:48.292Z] Failed to newtest@gmail.com: [object Object]
[2026-09-28T10:28:50.490Z] Failed to newtest@gmail.com: [object Object]
[2026-09-28T10:38:01.939Z] Failed to newtest@gmail.com: [object Object]
[2026-09-28T10:38:02.987Z] Failed to newtest@gmail.com: [object Object]
[2026-09-28T10:38:04.213Z] Failed to newtest@gmail.com: [object Object]
[2026-09-28T10:38:05.292Z] Failed to newtest@gmail.com: [object Object]
[2026-09-28T10:38:06.492Z] Failed to newtest@gmail.com: [object Object]
[2026-09-28T10:38:07.529Z] Failed to newtest@gmail.com: [object Object]
[2026-09-28T10:38:07.770Z] Failed to newtest@gmail.com: [object Object]
[2026-09-28T10:38:10.051Z] Failed to newtest@gmail.com: [object Object]
[2026-09-28T10:38:12.371Z] Failed to newtest@gmail.com: [object Object]
[2026-09-28T10:38:12.740Z] Failed to dr.sarahjohnson@qureo.health: [object Object]
[2026-09-28T10:38:13.753Z] Failed to newtest@gmail.com: [object Object]
[2026-09-28T10:38:15.001Z] Failed to dr.sarahjohnson@qureo.health: [object Object]
[2026-09-28T10:38:16.011Z] Failed to newtest@gmail.com: [object Object]
[2026-09-28T10:38:17.251Z] Failed to dr.sarahjohnson@qureo.health: [object Object]
[2026-09-28T10:38:19.913Z] Failed to newtest@gmail.com: [object Object]
[2026-09-28T10:38:20.149Z] Failed to newtest@gmail.com: [object Object]
[2026-09-28T10:38:22.420Z] Failed to newtest@gmail.com: [object Object]
[2026-09-28T10:38:24.692Z] Failed to newtest@gmail.com: [object Object]
[2026-09-28T10:38:24.954Z] Failed to dr.sarahjohnson@qureo.health: [object Object]
[2026-09-28T10:38:27.237Z] Failed to dr.sarahjohnson@qureo.health: [object Object]
[2026-09-28T10:38:29.490Z] Failed to dr.sarahjohnson@qureo.health: [object Object]
[2026-09-28T11:05:34.749Z] Failed to newtest@gmail.com: [object Object]
[2026-09-28T11:05:37.087Z] Failed to newtest@gmail.com: [object Object]
[2026-09-28T11:05:39.368Z] Failed to newtest@gmail.com: [object Object]
[2026-09-28T11:13:05.782Z] Failed to newtest@gmail.com: [object Object]
[2026-09-28T11:13:08.124Z] Failed to newtest@gmail.com: [object Object]
[2026-09-28T11:13:10.482Z] Failed to newtest@gmail.com: [object Object]
[2026-09-28T11:23:21.752Z] Failed to newtest@gmail.com: [object Object]
[2026-09-28T11:23:23.945Z] Failed to newtest@gmail.com: [object Object]
[2026-09-28T11:23:26.184Z] Failed to newtest@gmail.com: [object Object]
[2026-09-28T11:24:20.788Z] Failed to newtest@gmail.com: [object Object]
[2026-09-28T11:24:23.120Z] Failed to newtest@gmail.com: [object Object]
[2026-09-28T11:24:25.335Z] Failed to newtest@gmail.com: [object Object]
[2026-09-28T11:25:21.143Z] Failed to newtest@gmail.com: [object Object]
[2026-09-28T11:25:23.450Z] Failed to newtest@gmail.com: [object Object]
[2026-09-28T11:25:25.738Z] Failed to newtest@gmail.com: [object Object]
[2026-09-28T11:26:21.400Z] Failed to newtest@gmail.com: [object Object]
[2026-09-28T11:26:23.667Z] Failed to newtest@gmail.com: [object Object]
[2026-09-28T11:26:25.916Z] Failed to newtest@gmail.com: [object Object]
[2026-09-28T11:27:20.886Z] Failed to newtest@gmail.com: [object Object]
[2026-09-28T11:27:23.136Z] Failed to newtest@gmail.com: [object Object]
[2026-09-28T11:27:25.397Z] Failed to newtest@gmail.com: [object Object]
[2026-09-28T11:28:21.082Z] Failed to newtest@gmail.com: [object Object]
[2026-09-28T11:28:23.371Z] Failed to newtest@gmail.com: [object Object]
[2026-09-28T11:28:25.643Z] Failed to newtest@gmail.com: [object Object]
[2026-09-28T11:29:21.204Z] Failed to newtest@gmail.com: [object Object]
[2026-09-28T11:29:23.499Z] Failed to newtest@gmail.com: [object Object]
[2026-09-28T11:29:25.773Z] Failed to newtest@gmail.com: [object Object]
[2026-09-28T11:30:21.932Z] Failed to newtest@gmail.com: [object Object]
[2026-09-28T11:30:24.364Z] Failed to newtest@gmail.com: [object Object]
[2026-09-28T11:30:26.723Z] Failed to newtest@gmail.com: [object Object]
[2026-09-28T12:30:07.673Z] Failed to newtest@gmail.com: [object Object]
[2026-09-28T12:30:09.940Z] Failed to newtest@gmail.com: [object Object]
[2026-09-28T12:30:12.184Z] Failed to newtest@gmail.com: [object Object]
[2026-09-28T12:30:12.474Z] Failed to newtest@gmail.com: [object Object]
[2026-09-28T12:30:14.754Z] Failed to newtest@gmail.com: [object Object]
[2026-09-28T12:30:17.016Z] Failed to newtest@gmail.com: [object Object]
[2026-09-28T12:30:17.286Z] Failed to dr.sarahjohnson@qureo.health: [object Object]
[2026-09-28T12:30:19.548Z] Failed to dr.sarahjohnson@qureo.health: [object Object]
[2026-09-28T12:30:21.863Z] Failed to dr.sarahjohnson@qureo.health: [object Object]
[2026-09-28T12:30:31.743Z] Failed to newtest@gmail.com: [object Object]
[2026-09-28T12:30:34.023Z] Failed to newtest@gmail.com: [object Object]
[2026-09-28T12:30:36.020Z] Failed to newtest@gmail.com: [object Object]
[2026-09-28T12:30:36.306Z] Failed to newtest@gmail.com: [object Object]
[2026-09-28T12:30:36.685Z] Failed to newtest@gmail.com: [object Object]
[2026-09-28T12:30:38.299Z] Failed to newtest@gmail.com: [object Object]
[2026-09-28T12:30:38.990Z] Failed to newtest@gmail.com: [object Object]
[2026-09-28T12:30:40.616Z] Failed to newtest@gmail.com: [object Object]
[2026-09-28T12:30:41.236Z] Failed to newtest@gmail.com: [object Object]
[2026-09-28T12:30:41.518Z] Failed to newtest@gmail.com: [object Object]
[2026-09-28T12:30:43.769Z] Failed to newtest@gmail.com: [object Object]
[2026-09-28T12:30:46.046Z] Failed to newtest@gmail.com: [object Object]
[2026-09-28T12:30:46.351Z] Failed to dr.sarahjohnson@qureo.health: [object Object]
[2026-09-28T12:30:48.650Z] Failed to dr.sarahjohnson@qureo.health: [object Object]
[2026-09-28T12:30:50.950Z] Failed to dr.sarahjohnson@qureo.health: [object Object]
[2026-09-28T12:55:15.650Z] Failed to newtest@gmail.com: [object Object]
[2026-09-28T12:55:18.100Z] Failed to newtest@gmail.com: [object Object]
[2026-09-28T12:55:20.424Z] Failed to newtest@gmail.com: [object Object]
[2026-09-28T13:00:01.516Z] Failed to newtest@gmail.com: [object Object]
[2026-09-28T13:00:03.831Z] Failed to newtest@gmail.com: [object Object]
[2026-09-28T13:00:06.116Z] Failed to newtest@gmail.com: [object Object]
[2026-09-28T13:00:06.344Z] Failed to newtest@gmail.com: [object Object]
[2026-09-28T13:00:08.625Z] Failed to newtest@gmail.com: [object Object]
[2026-09-28T13:00:10.869Z] Failed to newtest@gmail.com: [object Object]
[2026-09-28T13:00:11.359Z] Failed to newtest@gmail.com: [object Object]
[2026-09-28T13:00:11.603Z] Failed to dr.sarahjohnson@qureo.health: [object Object]
[2026-09-28T13:00:13.125Z] Failed to newtest@gmail.com: [object Object]
[2026-09-28T13:00:13.908Z] Failed to dr.sarahjohnson@qureo.health: [object Object]
[2026-09-28T13:00:14.464Z] Failed to newtest@gmail.com: [object Object]
[2026-09-28T13:00:15.409Z] Failed to newtest@gmail.com: [object Object]
[2026-09-28T13:00:15.675Z] Failed to newtest@gmail.com: [object Object]
[2026-09-28T13:00:16.159Z] Failed to dr.sarahjohnson@qureo.health: [object Object]
[2026-09-28T13:00:16.728Z] Failed to newtest@gmail.com: [object Object]
[2026-09-28T13:00:17.920Z] Failed to newtest@gmail.com: [object Object]
[2026-09-28T13:00:19.011Z] Failed to newtest@gmail.com: [object Object]
[2026-09-28T13:00:20.219Z] Failed to newtest@gmail.com: [object Object]
[2026-09-28T13:00:20.483Z] Failed to dr.sarahjohnson@qureo.health: [object Object]
[2026-09-28T13:00:22.720Z] Failed to dr.sarahjohnson@qureo.health: [object Object]
[2026-09-28T13:00:25.009Z] Failed to dr.sarahjohnson@qureo.health: [object Object]
[2026-09-28T13:55:32.397Z] Failed to newtest@gmail.com: [object Object]
[2026-09-28T13:55:34.696Z] Failed to newtest@gmail.com: [object Object]
[2026-09-28T13:55:36.951Z] Failed to newtest@gmail.com: [object Object]
[2026-09-28T13:57:04.617Z] Failed to newtest@gmail.com: [object Object]
[2026-09-28T13:57:06.811Z] Failed to newtest@gmail.com: [object Object]
[2026-09-28T13:57:07.358Z] Failed to newtest@gmail.com: [object Object]
[2026-09-28T13:57:09.869Z] Failed to newtest@gmail.com: [object Object]
[2026-09-28T13:57:10.392Z] Failed to newtest@gmail.com: [object Object]
[2026-09-28T13:57:12.655Z] Failed to newtest@gmail.com: [object Object]
[2026-09-28T13:57:12.945Z] Failed to newtest@gmail.com: [object Object]
[2026-09-28T13:57:15.198Z] Failed to newtest@gmail.com: [object Object]
[2026-09-28T13:57:17.285Z] Failed to newtest@gmail.com: [object Object]
[2026-09-28T13:57:17.986Z] Failed to newtest@gmail.com: [object Object]
[2026-09-28T13:57:25.342Z] Failed to newtest@gmail.com: [object Object]
[2026-09-28T13:57:27.687Z] Failed to newtest@gmail.com: [object Object]
[2026-09-28T13:57:27.950Z] Failed to newtest@gmail.com: [object Object]
[2026-09-28T13:57:29.493Z] Failed to dr.rebeccafreeman@qureo.health: [object Object]
[2026-09-28T13:57:30.199Z] Failed to newtest@gmail.com: [object Object]
[2026-09-28T13:57:31.762Z] Failed to dr.rebeccafreeman@qureo.health: [object Object]
[2026-09-28T13:57:32.471Z] Failed to newtest@gmail.com: [object Object]
[2026-09-28T13:57:32.748Z] Failed to dr.rebeccafreeman@qureo.health: [object Object]
[2026-09-28T13:57:34.029Z] Failed to dr.rebeccafreeman@qureo.health: [object Object]
[2026-09-28T13:57:36.813Z] Failed to dr.rebeccafreeman@qureo.health: [object Object]
[2026-09-28T13:57:39.073Z] Failed to dr.rebeccafreeman@qureo.health: [object Object]
[2026-09-28T14:19:09.378Z] Failed to newtest@gmail.com: [object Object]
[2026-09-28T14:19:11.568Z] Failed to newtest@gmail.com: [object Object]
[2026-09-28T14:19:13.823Z] Failed to newtest@gmail.com: [object Object]
[2026-09-28T14:19:14.674Z] Failed to newtest@gmail.com: [object Object]
[2026-09-28T14:19:16.878Z] Failed to newtest@gmail.com: [object Object]
[2026-09-28T14:19:19.086Z] Failed to newtest@gmail.com: [object Object]
[2026-09-28T14:19:19.263Z] Failed to newtest@gmail.com: [object Object]
[2026-09-28T14:19:21.487Z] Failed to newtest@gmail.com: [object Object]
[2026-09-28T14:19:23.720Z] Failed to newtest@gmail.com: [object Object]
[2026-09-28T14:19:23.904Z] Failed to dr.sarahjohnson@qureo.health: [object Object]
[2026-09-28T14:19:24.703Z] Failed to newtest@gmail.com: [object Object]
[2026-09-28T14:19:26.127Z] Failed to dr.sarahjohnson@qureo.health: [object Object]
[2026-09-28T14:19:26.914Z] Failed to newtest@gmail.com: [object Object]
[2026-09-28T14:19:28.328Z] Failed to dr.sarahjohnson@qureo.health: [object Object]
[2026-09-28T14:19:29.107Z] Failed to newtest@gmail.com: [object Object]
[2026-09-28T14:19:29.299Z] Failed to newtest@gmail.com: [object Object]
[2026-09-28T14:19:31.520Z] Failed to newtest@gmail.com: [object Object]
[2026-09-28T14:19:33.728Z] Failed to newtest@gmail.com: [object Object]
[2026-09-28T14:19:33.974Z] Failed to dr.sarahjohnson@qureo.health: [object Object]
[2026-09-28T14:19:36.200Z] Failed to dr.sarahjohnson@qureo.health: [object Object]
[2026-09-28T14:19:38.383Z] Failed to dr.sarahjohnson@qureo.health: [object Object]
[2026-09-28T15:00:05.826Z] Failed to newtest@gmail.com: [object Object]
[2026-09-28T15:00:08.116Z] Failed to newtest@gmail.com: [object Object]
[2026-09-28T15:00:10.380Z] Failed to newtest@gmail.com: [object Object]
[2026-09-28T15:00:10.662Z] Failed to newtest@gmail.com: [object Object]
[2026-09-28T15:00:12.958Z] Failed to newtest@gmail.com: [object Object]
[2026-09-28T15:00:15.218Z] Failed to newtest@gmail.com: [object Object]
[2026-09-28T15:00:15.469Z] Failed to dr.sarahjohnson@qureo.health: [object Object]
[2026-09-28T15:00:17.730Z] Failed to dr.sarahjohnson@qureo.health: [object Object]
[2026-09-28T15:00:19.987Z] Failed to dr.sarahjohnson@qureo.health: [object Object]
[2026-09-28T15:25:19.046Z] Failed to newtest@gmail.com: [object Object]
[2026-09-28T15:25:21.309Z] Failed to newtest@gmail.com: [object Object]
[2026-09-28T15:25:23.588Z] Failed to newtest@gmail.com: [object Object]
[2026-09-28T15:30:05.718Z] Failed to newtest@gmail.com: [object Object]
[2026-09-28T15:30:08.002Z] Failed to newtest@gmail.com: [object Object]
[2026-09-28T15:30:10.329Z] Failed to newtest@gmail.com: [object Object]
[2026-09-28T15:30:10.751Z] Failed to newtest@gmail.com: [object Object]
[2026-09-28T15:30:13.077Z] Failed to newtest@gmail.com: [object Object]
[2026-09-28T15:30:15.319Z] Failed to newtest@gmail.com: [object Object]
[2026-09-28T15:30:15.599Z] Failed to dr.sarahjohnson@qureo.health: [object Object]
[2026-09-28T15:30:17.891Z] Failed to dr.sarahjohnson@qureo.health: [object Object]
[2026-09-28T15:30:20.373Z] Failed to dr.sarahjohnson@qureo.health: [object Object]
